// Jest Snapshot v1, https://goo.gl/fbAQLP

exports[`CommitmentsGrid renders correctly 1`] = `
<div
  className="css-1bm2xok-commitmentsEntryStyles"
>
  <div
    className="image"
  >
    <svg>
      <text>
        Hi, I'm an SVG
      </text>
    </svg>
  </div>
  <div
    className="content"
  >
    <p>
      I'm some test data.
    </p>
  </div>
</div>
`;
