// Jest Snapshot v1, https://goo.gl/fbAQLP

exports[`TimelineHeading renders correctly 1`] = `
<div
  className="css-g9tte3-timelineHeadingStyles"
>
  <p>
    <a
      href="https://www.thebridgegroup.org.uk/"
    >
      The Bridge Group
    </a>
     
    developed for us a quick to navigate, up to date, research base of the social mobility issues across a persons lifetime. Everyone can use this to guide impactful action based on common understandings of the problem we are trying to solve.
  </p>
</div>
`;
