// Jest Snapshot v1, https://goo.gl/fbAQLP

exports[`TimelineHeading renders correctly 1`] = `
<div
  className="css-g9tte3-timelineHeadingStyles"
>
  <p>
    <a
      href="https://www.thebridgegroup.org.uk/"
    >
      The Bridge Group
    </a>
     
    has developed an up-to-date summary of social inequality across the life course which is easy to explore via the links below. This will help you to understand the barriers to social mobility and the nature of the problem we are trying to solve. You can read a quick overview of why social equality matters 
    <a
      href="exec-summary"
    >
      here
    </a>
    . 
  </p>
</div>
`;
