// Jest Snapshot v1, https://goo.gl/fbAQLP

exports[`HeroSummary renders correctly 1`] = `
<div
  className="css-1c2m0z9-heroSummaryStyles"
>
  <div>
    <div
      className="summaryText"
    >
      <p>
        <span
          className="highlight"
        >
          Social inequality
        </span>
         is persistent and systematic. Often where you start in life is where you’ll end up.
      </p>
      <p>
        Together we can change this.
      </p>
    </div>
    <button
      className="css-lmjzsp-darkStyles"
      onClick={[Function]}
    >
      Find out how
    </button>
  </div>
</div>
`;
