// Jest Snapshot v1, https://goo.gl/fbAQLP

exports[`StatsCard renders correctly 1`] = `
<div
  className="carousel-root"
  tabIndex={0}
>
  <div
    className="carousel carousel-slider"
    style={
      Object {
        "width": "100%",
      }
    }
  >
    <div
      className="slider-wrapper axis-horizontal"
      style={Object {}}
    >
      <ul
        className="slider animated"
        onMouseDown={[Function]}
        onTouchEnd={[Function]}
        onTouchStart={[Function]}
        style={
          Object {
            "MozTransform": "translate3d(-100%,0,0)",
            "MozTransitionDuration": "350ms",
            "MsTransform": "translate3d(-100%,0,0)",
            "MsTransitionDuration": "350ms",
            "OTransform": "translate3d(-100%,0,0)",
            "OTransitionDuration": "350ms",
            "WebkitTransform": "translate3d(-100%,0,0)",
            "WebkitTransitionDuration": "350ms",
            "msTransform": "translate3d(-100%,0,0)",
            "msTransitionDuration": "350ms",
            "transform": "translate3d(-100%,0,0)",
            "transitionDuration": "350ms",
          }
        }
      >
        <li
          className="slide"
          onClick={[Function]}
        >
          <div
            css={
              Object {
                "map": undefined,
                "name": "mlu2ts",
                "next": undefined,
                "styles": "
  height:14rem;--bg-opacity:1;background-color:rgba(255, 255, 255, var(--bg-opacity));

  div {
    --text-opacity:1;color:rgba(45, 49, 66, var(--text-opacity));
  }
",
                "toString": [Function],
              }
            }
          >
            <div
              css={
                Object {
                  "map": undefined,
                  "name": "lurvm6",
                  "next": undefined,
                  "styles": "
  text-align:left;font-weight:300;margin-left:0.75rem;font-size:3rem;margin-bottom:0.25rem;@media (min-width: 768px){margin-left:1.5rem;}
",
                  "toString": [Function],
                }
              }
            >
              27%
            </div>
            <div
              css={
                Object {
                  "map": undefined,
                  "name": "ehtxm1",
                  "next": undefined,
                  "styles": "
  margin-left:0.75rem;margin-right:0.75rem;text-align:left;@media (min-width: 768px){margin-left:1.5rem;margin-right:1.5rem;}
",
                  "toString": [Function],
                }
              }
            >
              Of graduates have completed an unpaid internship. A six-month unpaid internship will cost a person living in London a minimum of
               
              <strong>
                £1,100
              </strong>
               a month and 
              <strong>
                £885
              </strong>
               in Manchester.
               
              <span
                css={
                  Object {
                    "map": undefined,
                    "name": "spzrvh",
                    "next": undefined,
                    "styles": "
  font-weight:300;text-decoration:underline;
",
                    "toString": [Function],
                  }
                }
              >
                - 
                Mobility Manifesto 2019
              </span>
            </div>
          </div>
        </li>
        <li
          className="slide selected"
          onClick={[Function]}
        >
          <div
            css={
              Object {
                "map": undefined,
                "name": "mlu2ts",
                "next": undefined,
                "styles": "
  height:14rem;--bg-opacity:1;background-color:rgba(255, 255, 255, var(--bg-opacity));

  div {
    --text-opacity:1;color:rgba(45, 49, 66, var(--text-opacity));
  }
",
                "toString": [Function],
              }
            }
          >
            <div
              css={
                Object {
                  "map": undefined,
                  "name": "lurvm6",
                  "next": undefined,
                  "styles": "
  text-align:left;font-weight:300;margin-left:0.75rem;font-size:3rem;margin-bottom:0.25rem;@media (min-width: 768px){margin-left:1.5rem;}
",
                  "toString": [Function],
                }
              }
            >
              51%
            </div>
            <div
              css={
                Object {
                  "map": undefined,
                  "name": "ehtxm1",
                  "next": undefined,
                  "styles": "
  margin-left:0.75rem;margin-right:0.75rem;text-align:left;@media (min-width: 768px){margin-left:1.5rem;margin-right:1.5rem;}
",
                  "toString": [Function],
                }
              }
            >
              Of disadvantaged pupils reached the expected standard in all of reading, writing and maths, compared to 
              <strong>
                71% of all other pupils
              </strong>
               
              in 2019.
               
              <span
                css={
                  Object {
                    "map": undefined,
                    "name": "spzrvh",
                    "next": undefined,
                    "styles": "
  font-weight:300;text-decoration:underline;
",
                    "toString": [Function],
                  }
                }
              >
                - 
                State of the Nation
              </span>
            </div>
          </div>
        </li>
        <li
          className="slide"
          onClick={[Function]}
        >
          <div
            css={
              Object {
                "map": undefined,
                "name": "mlu2ts",
                "next": undefined,
                "styles": "
  height:14rem;--bg-opacity:1;background-color:rgba(255, 255, 255, var(--bg-opacity));

  div {
    --text-opacity:1;color:rgba(45, 49, 66, var(--text-opacity));
  }
",
                "toString": [Function],
              }
            }
          >
            <div
              css={
                Object {
                  "map": undefined,
                  "name": "lurvm6",
                  "next": undefined,
                  "styles": "
  text-align:left;font-weight:300;margin-left:0.75rem;font-size:3rem;margin-bottom:0.25rem;@media (min-width: 768px){margin-left:1.5rem;}
",
                  "toString": [Function],
                }
              }
            >
              2%
            </div>
            <div
              css={
                Object {
                  "map": undefined,
                  "name": "ehtxm1",
                  "next": undefined,
                  "styles": "
  margin-left:0.75rem;margin-right:0.75rem;text-align:left;@media (min-width: 768px){margin-left:1.5rem;margin-right:1.5rem;}
",
                  "toString": [Function],
                }
              }
            >
              Of students in the North East from lower socio-economic backgrounds attended a selective university, in comparison with 
              <strong>
                11%
              </strong>
               
              of students from the same social group from Inner London.
               
              <span
                css={
                  Object {
                    "map": undefined,
                    "name": "spzrvh",
                    "next": undefined,
                    "styles": "
  font-weight:300;text-decoration:underline;
",
                    "toString": [Function],
                  }
                }
              >
                - 
                Department for Education
              </span>
            </div>
          </div>
        </li>
        <li
          className="slide"
          onClick={[Function]}
        >
          <div
            css={
              Object {
                "map": undefined,
                "name": "mlu2ts",
                "next": undefined,
                "styles": "
  height:14rem;--bg-opacity:1;background-color:rgba(255, 255, 255, var(--bg-opacity));

  div {
    --text-opacity:1;color:rgba(45, 49, 66, var(--text-opacity));
  }
",
                "toString": [Function],
              }
            }
          >
            <div
              css={
                Object {
                  "map": undefined,
                  "name": "lurvm6",
                  "next": undefined,
                  "styles": "
  text-align:left;font-weight:300;margin-left:0.75rem;font-size:3rem;margin-bottom:0.25rem;@media (min-width: 768px){margin-left:1.5rem;}
",
                  "toString": [Function],
                }
              }
            >
              27%
            </div>
            <div
              css={
                Object {
                  "map": undefined,
                  "name": "ehtxm1",
                  "next": undefined,
                  "styles": "
  margin-left:0.75rem;margin-right:0.75rem;text-align:left;@media (min-width: 768px){margin-left:1.5rem;margin-right:1.5rem;}
",
                  "toString": [Function],
                }
              }
            >
              Of graduates have completed an unpaid internship. A six-month unpaid internship will cost a person living in London a minimum of
               
              <strong>
                £1,100
              </strong>
               a month and 
              <strong>
                £885
              </strong>
               in Manchester.
               
              <span
                css={
                  Object {
                    "map": undefined,
                    "name": "spzrvh",
                    "next": undefined,
                    "styles": "
  font-weight:300;text-decoration:underline;
",
                    "toString": [Function],
                  }
                }
              >
                - 
                Mobility Manifesto 2019
              </span>
            </div>
          </div>
        </li>
        <li
          className="slide selected"
          onClick={[Function]}
        >
          <div
            css={
              Object {
                "map": undefined,
                "name": "mlu2ts",
                "next": undefined,
                "styles": "
  height:14rem;--bg-opacity:1;background-color:rgba(255, 255, 255, var(--bg-opacity));

  div {
    --text-opacity:1;color:rgba(45, 49, 66, var(--text-opacity));
  }
",
                "toString": [Function],
              }
            }
          >
            <div
              css={
                Object {
                  "map": undefined,
                  "name": "lurvm6",
                  "next": undefined,
                  "styles": "
  text-align:left;font-weight:300;margin-left:0.75rem;font-size:3rem;margin-bottom:0.25rem;@media (min-width: 768px){margin-left:1.5rem;}
",
                  "toString": [Function],
                }
              }
            >
              51%
            </div>
            <div
              css={
                Object {
                  "map": undefined,
                  "name": "ehtxm1",
                  "next": undefined,
                  "styles": "
  margin-left:0.75rem;margin-right:0.75rem;text-align:left;@media (min-width: 768px){margin-left:1.5rem;margin-right:1.5rem;}
",
                  "toString": [Function],
                }
              }
            >
              Of disadvantaged pupils reached the expected standard in all of reading, writing and maths, compared to 
              <strong>
                71% of all other pupils
              </strong>
               
              in 2019.
               
              <span
                css={
                  Object {
                    "map": undefined,
                    "name": "spzrvh",
                    "next": undefined,
                    "styles": "
  font-weight:300;text-decoration:underline;
",
                    "toString": [Function],
                  }
                }
              >
                - 
                State of the Nation
              </span>
            </div>
          </div>
        </li>
      </ul>
    </div>
    <ul
      className="control-dots"
    >
      <li
        aria-label="slide item 1"
        className="dot selected"
        onClick={[Function]}
        onKeyDown={[Function]}
        role="button"
        tabIndex={0}
        value={0}
      />
      <li
        aria-label="slide item 2"
        className="dot"
        onClick={[Function]}
        onKeyDown={[Function]}
        role="button"
        tabIndex={0}
        value={1}
      />
      <li
        aria-label="slide item 3"
        className="dot"
        onClick={[Function]}
        onKeyDown={[Function]}
        role="button"
        tabIndex={0}
        value={2}
      />
    </ul>
    <p
      className="carousel-status"
    />
  </div>
</div>
`;
