// Jest Snapshot v1, https://goo.gl/fbAQLP

exports[`NewsletterSignUp renders correctly 1`] = `
<section
  className="css-1o2ssu2-inputStyles-newsletterSignUpStyles"
>
  <header>
    <h2>
      Join our mission
    </h2>
    <p>
      We’ve got bold ambitions and what you see today is just the beginning. Sign up to our newsletter to be the first to hear about our new features and stay up to date on everything ESMA.
    </p>
  </header>
  <article>
    <form
      onSubmit={[Function]}
    >
      <fieldset>
        <div>
          <label
            htmlFor="fullNameInput"
          >
            Full name
          </label>
          <input
            className=""
            id="fullNameInput"
            name="fullName"
            onChange={[Function]}
            type="text"
          />
        </div>
        <p
          className="input-error  css-1cw06of-NewsletterSignUp"
        >
          Please enter your name.
        </p>
        <div>
          <label
            htmlFor="emailInput"
          >
            Email address
          </label>
          <input
            className=""
            id="emailInput"
            name="email"
            onChange={[Function]}
            type="email"
          />
        </div>
        <p
          className="input-error  css-4f3202-NewsletterSignUp"
        >
          Please enter your email.
        </p>
        <input
          id="submit"
          type="submit"
          value="Submit"
        />
        <section
          className="full-span"
        >
          <p
            className="response "
          />
          <p>
            By clicking Subscribe you accept the
             
            <a
              href="/privacy"
            >
              Privacy Policy
            </a>
            . This will allow us to send you newsletter and event updates. Our Privacy Policy covers how we protect data. You can unsubscribe from this at any point.
          </p>
        </section>
      </fieldset>
    </form>
  </article>
</section>
`;
