// Jest Snapshot v1, https://goo.gl/fbAQLP

exports[`Button renders correctly 1`] = `
<button
  css={
    Object {
      "map": undefined,
      "name": "vxeuw9",
      "next": undefined,
      "styles": "
  height:3rem;width:22rem;--bg-opacity:1;background-color:rgba(45, 49, 66, var(--bg-opacity));--text-opacity:1;color:rgba(255, 255, 255, var(--text-opacity));font-weight:700;
",
      "toString": [Function],
    }
  }
  onClick={[Function]}
>
  test
</button>
`;
