// Jest Snapshot v1, https://goo.gl/fbAQLP

exports[`GraphLegend renders correctly 1`] = `
<div
  className="css-1mjgarr-graphLegendStyles"
>
  <div
    className="legend-wrapper"
  >
    <div
      className="css-1lwf0ie-legendMarkerStyles"
    />
    <span>
      Test
    </span>
  </div>
</div>
`;
